// Jest Snapshot v1, https://goo.gl/fbAQLP

exports[`checkboxDomain.component should render component 1`] = `
Array [
  <div
    className="blockDomain"
    onClick={[Function]}
    onMouseEnter={[Function]}
    onMouseLeave={[Function]}
    role="presentation"
    style={
        Object {
            "backgroundImage": "url(./img/domains/1-disabled.png)",
          }
    }
>
    <div>
        <h1
            style={
                Object {
                    "backgroundColor": "",
                  }
            }
        >
             
            tech
             
        </h1>
        <p />
        
    </div>
</div>,
]
`;
