// Jest Snapshot v1, https://goo.gl/fbAQLP

exports[`checkboxDomain.component === SNAPSHOT === 1`] = `
<div
  className="blockDomain"
  onClick={[Function]}
  onMouseEnter={[Function]}
  onMouseLeave={[Function]}
  role="presentation"
  style={
    Object {
      "backgroundImage": "url(./img/domains/1-disabled.png)",
    }
  }
>
  <div>
    <h1
      style={
        Object {
          "backgroundColor": "",
        }
      }
    >
       
      tech
       
    </h1>
    <p>
      Lorem ipsum dolor sit amet, consectetur adipisicing elit. Aliquam aperiam asperiores autem dicta dignissimos dolore dolorum ea facere, impedit in iste molestiae, nisi nostrum perferendis, placeat quod sapiente tempora velit.
    </p>
    
  </div>
</div>
`;
