// Jest Snapshot v1, https://goo.gl/fbAQLP

exports[`checkboxDomain.component should render component 1`] = `
Array [
  <div
    className="div-checkbox"
>
    <img
        alt="tech"
        src="/img/domains/tech.PNG"
    />
    <h1
        className="titre-domaine tech"
    >
        tech
    </h1>
    <div>
        <div
            className="checkbox-domain"
        >
            <input
                checked={false}
                className="checkbox-domains-input"
                id="tech-beginner"
                onClick={[Function]}
                type="checkbox"
            />
             
            <label
                className="titre-checkbox"
                htmlFor="tech-beginner"
            >
                Découvrir
            </label>
        </div>
        <div
            className="checkbox-domain"
        >
            <input
                checked={false}
                className="checkbox-domains-input"
                id="tech-expert"
                onClick={[Function]}
                type="checkbox"
            />
             
            <label
                className="titre-checkbox"
                htmlFor="tech-expert"
            >
                Approfondir
            </label>
        </div>
    </div>
</div>,
]
`;
