// Jest Snapshot v1, https://goo.gl/fbAQLP

exports[`blender.component should render blender component 1`] = `
Array [
  <div>
    <input
        onClick={[Function]}
        style={
            Object {
                "backgroundColor": "#E6421D",
                "borderRadius": "50%",
                "boxShadow": "2px 2px 8px #aaa",
                "color": "white",
                "fontSize": "1.2em",
                "fontWeight": "bold",
                "height": "100px",
                "width": "100px",
              }
        }
        type="button"
        value="GO MIX"
    />
</div>,
]
`;
