// Jest Snapshot v1, https://goo.gl/fbAQLP

exports[`blender.component should render blender component 1`] = `
Array [
  <div>
    <ToastContainer
        className="toast-top-full-width"
        id="toast-container"
        newestOnTop={true}
        onClick={[Function]}
        preventDuplicates={true}
        toastMessageFactory={[Function]}
        toastType={
            Object {
                "error": "error",
                "info": "info",
                "success": "success",
                "warning": "warning",
              }
        }
    />
    <input
        className="btn-begin"
        onClick={[Function]}
        type="button"
        value="Voir mon planning >"
    />
</div>,
]
`;
