// Jest Snapshot v1, https://goo.gl/fbAQLP

exports[`checkboxDomain.component should render component 1`] = `
Array [
  <div>
    <div>
        <input
            checked={false}
            name="1"
            onChange={[Function]}
            type="checkbox"
        />
        tech
    </div>
</div>,
]
`;
