// Jest Snapshot v1, https://goo.gl/fbAQLP

exports[`InformationsInput.component should render component 1`] = `
Array [
  <InformationsInputComponent
    addInformations={[Function]}
    informations={
        Object {
            "email": "",
            "firstname": "",
            "isValidEmail": true,
            "lastname": "",
          }
    }
    store={
        Object {
            "clearActions": [Function],
            "dispatch": [Function],
            "getActions": [Function],
            "getState": [Function],
            "replaceReducer": [Function],
            "subscribe": [Function],
          }
    }
    storeSubscription={
        Subscription {
            "listeners": Object {
              "notify": [Function],
            },
            "onStateChange": [Function],
            "parentSub": undefined,
            "store": Object {
              "clearActions": [Function],
              "dispatch": [Function],
              "getActions": [Function],
              "getState": [Function],
              "replaceReducer": [Function],
              "subscribe": [Function],
            },
            "unsubscribe": null,
          }
    }
/>,
]
`;
