// Jest Snapshot v1, https://goo.gl/fbAQLP

exports[`InformationsInput.component should render component 1`] = `
Array [
  <informationsInput
    store={
        Object {
            "clearActions": [Function],
            "dispatch": [Function],
            "getActions": [Function],
            "getState": [Function],
            "replaceReducer": [Function],
            "subscribe": [Function],
          }
    }
/>,
]
`;
