// Jest Snapshot v1, https://goo.gl/fbAQLP

exports[`conference.component should render conference.component 1`] = `
Array [
  <div>
    <conferenceModal
        closeModal={[Function]}
        modalState={false}
        name="foo"
        timeBegin="10"
        timeEnd="12"
        title="foo"
    />
    <div
        aria-pressed="true"
        className="columns"
        onClick={[Function]}
        tabIndex="0"
    >
        <div
            className="column"
        >
            <div
                className="conference"
            >
                <div
                    className="conference-opt"
                >
                    <a>
                        <i
                            className="fa fa-arrows-h circle"
                        />
                    </a>
                    <span
                        className="conference-time"
                    >
                        10h00 &gt; 12h00
                    </span>
                    <a>
                        <i
                            className="fa fa-lock circle"
                        />
                    </a>
                </div>
                <div
                    className="conference-title"
                    role="button"
                >
                    foo
                </div>
            </div>
        </div>
    </div>
</div>,
]
`;
