// Jest Snapshot v1, https://goo.gl/fbAQLP

exports[`conference.component should render conference.component 1`] = `
Array [
  <div
    onClick={[Function]}
    role="presentation"
>
    <div
        className="columns"
    >
        <div
            className="column"
        >
            <div
                className="conference"
            >
                <div
                    className="conference-opt"
                >
                    <span
                        className="conference-time"
                    >
                        10h00 &gt; 12h00
                    </span>
                </div>
                <div
                    className="conference-title"
                    role="button"
                >
                    Temps libre
                </div>
            </div>
        </div>
    </div>
</div>,
]
`;
