// Jest Snapshot v1, https://goo.gl/fbAQLP

exports[`listConference.component should render listConference.component 1`] = `
Array [
  <div
    className="conferences"
>
    <Conference
        conferences={Array []}
        timeBegin={8}
        timeEnd={10}
    />
    <Conference
        conferences={Array []}
        timeBegin={10}
        timeEnd={12}
    />
    <Conference
        conferences={Array []}
        timeBegin={14}
        timeEnd={16}
    />
    <Conference
        conferences={Array []}
        timeBegin={16}
        timeEnd={18}
    />
</div>,
]
`;
