// Jest Snapshot v1, https://goo.gl/fbAQLP

exports[`listConference.component should render listConference.component 1`] = `
Array [
  <div
    className="conferences"
>
    <Generic
        horaire="9h30 > 10h30"
        message="Plénière d'ouverture et autres surprises "
    />

    <ConferenceComponent
        conferences={Array []}
        timeBegin={10}
        timeEnd={12}
    />
    <Generic
        horaire="12h > 14h"
        message="Déjeuner dans le village"
    />
    <ConferenceComponent
        conferences={Array []}
        timeBegin={14}
        timeEnd={16}
    />
    <Generic
        horaire="16h"
        message="Petite pause (Pensez à visiter les nombreuses activités pendant vos temps libres !)"
    />
    <ConferenceComponent
        conferences={Array []}
        timeBegin={16}
        timeEnd={18}
    />
</div>,
]
`;
