// Jest Snapshot v1, https://goo.gl/fbAQLP

exports[`listConference.component should render listConference.component 1`] = `
Array [
  <div
    className="conferences"
>
    
    <ConferenceComponent
        conferences={Array []}
        timeBegin={10}
        timeEnd={12}
    />
    <Generic
        horaire="12h > 14h"
        message="Déjeuner dans le village"
    />
    <ConferenceComponent
        conferences={Array []}
        timeBegin={14}
        timeEnd={16}
    />
    <ConferenceComponent
        conferences={Array []}
        timeBegin={16}
        timeEnd={18}
    />
</div>,
]
`;
