// Jest Snapshot v1, https://goo.gl/fbAQLP

exports[`blender.component should render blender component 1`] = `
Array [
  <div>
    <div
        id="pool"
    >
        <div
            className="button-wrapper"
        >
            <div
                className="layer"
            />
            <button
                className="btn-info main-button fa fa-info"
                onClick={[Function]}
            >
                <div
                    className="ripple"
                />
            </button>
        </div>
        <div
            className="layered-content"
        >
            <button
                className="btn-info close-button close-button1 fa fa-times"
                onClick={[Function]}
            />
            <div
                className="content"
            >
                <p>
                    Développeur
                </p>
                <h1>
                    Maxime Blanc
                </h1>
                <h1>
                    Maxime Chabert
                </h1>
                <p>
                    On peut aussi mettre ici plein de texte, ça quoi sert l\\'application etc
                </p>
            </div>
        </div>
    </div>
    <div
        className="form"
    >
        <div
            className="columns"
        >
            <div
                className="modal-wrap column"
            >
                <div
                    className="modal-header"
                >
                    <span
                        className="is-active"
                    />
                    <span
                        className={null}
                    />
                    <span
                        className={null}
                    />
                    <span
                        className={null}
                    />
                </div>
                <div
                    className="modal-bodies"
                >
                    <div
                        className="modal-body"
                    >
                        <div
                            className="items"
                        >
                            <div
                                className="columns"
                            >
                                <div
                                    className="column"
                                >
                                    <h1
                                        className="category-title"
                                    >
                                        Vos sujets favoris
                                    </h1>
                                    <h2
                                        className="category-desc"
                                    >
                                        Choisissez vos types de conférences préférées ainsi que le niveau souhaité.. :)
                                    </h2>
                                    <hr />
                                    <div
                                        className="columns"
                                    >
                                        <div
                                            className="column"
                                        >
                                            <Connect(CheckboxDomainComponent)
                                                item={
                                                    Object {
                                                        "id": "tech",
                                                        "libelle": "Tech",
                                                      }
                                                }
                                            />
                                        </div>
                                        <div
                                            className="column"
                                        >
                                            <Connect(CheckboxDomainComponent)
                                                item={
                                                    Object {
                                                        "id": "market",
                                                        "libelle": "Webmarketing",
                                                      }
                                                }
                                            />
                                        </div>
                                        <div
                                            className="column"
                                        >
                                            <Connect(CheckboxDomainComponent)
                                                item={
                                                    Object {
                                                        "id": "design",
                                                        "libelle": "Design",
                                                      }
                                                }
                                            />
                                        </div>
                                        <div
                                            className="column"
                                        >
                                            <Connect(CheckboxDomainComponent)
                                                item={
                                                    Array [
                                                        Object {
                                                          "id": "tech",
                                                          "libelle": "Tech",
                                                        },
                                                        Object {
                                                          "id": "market",
                                                          "libelle": "Webmarketing",
                                                        },
                                                        Object {
                                                          "id": "design",
                                                          "libelle": "Design",
                                                        },
                                                      ]
                                                }
                                            />
                                        </div>
                                    </div>
                                </div>
                            </div>
                        </div>
                        <div
                            className="modal-footer"
                        >
                            <hr />
                            <div
                                className="columns"
                            >
                                <div
                                    className="column is-4"
                                />
                                <div
                                    className="column is-4"
                                >
                                    <a
                                        className="link-restore"
                                        onClick={[Function]}
                                        role="presentation"
                                    >
                                        Vous avez déja généré un planning ? Cliquez-ici
                                    </a>
                                </div>
                                <div
                                    className="column is-4 is-offset-2"
                                >
                                    <input
                                        className="btn-suivant"
                                        onClick={[Function]}
                                        type="button"
                                        value="Suivant >"
                                    />
                                </div>
                            </div>
                        </div>
                    </div>
                </div>
            </div>
        </div>
    </div>
</div>,
]
`;
