// Jest Snapshot v1, https://goo.gl/fbAQLP

exports[`blender.component should render blender component 1`] = `
Array [
  <div>
    <div
        className="form"
    >
        <div
            className="form-header"
        >
            <h1>
                Choisissez les ingrédients de vos smoothies
            </h1>
            <h2>
                et laissez-nous vous proposer un BlendWebMix sur mesure...
            </h2>
        </div>
        <div
            className="columns"
        >
            <div
                className="modal-wrap column"
            >
                <div
                    className="modal-header"
                >
                    <span
                        className="is-active"
                    />
                    <span
                        className={null}
                    />
                    <span
                        className={null}
                    />
                    <span
                        className={null}
                    />
                </div>
                <div
                    className="modal-bodies"
                >
                    <div
                        className="modal-body"
                    >
                        <div
                            className="items"
                        >
                            <div
                                className="columns"
                            >
                                <div
                                    className="column"
                                >
                                    <h1
                                        className="category-title"
                                    >
                                        Vos sujets favoris
                                    </h1>
                                    <h2
                                        className="category-desc"
                                    >
                                        Choisissez vos types de conférences préférées ainsi que le niveau souhaité.. :)
                                    </h2>
                                    <hr />
                                    <div
                                        className="columns"
                                    >
                                        <div
                                            className="column"
                                        >
                                            <Connect(CheckboxDomainComponent)
                                                item={
                                                    Object {
                                                        "id": "tech",
                                                        "libelle": "Tech",
                                                      }
                                                }
                                            />
                                        </div>
                                        <div
                                            className="column"
                                        >
                                            <Connect(CheckboxDomainComponent)
                                                item={
                                                    Object {
                                                        "id": "market",
                                                        "libelle": "Webmarketing",
                                                      }
                                                }
                                            />
                                        </div>
                                        <div
                                            className="column"
                                        >
                                            <Connect(CheckboxDomainComponent)
                                                item={
                                                    Object {
                                                        "id": "design",
                                                        "libelle": "Design",
                                                      }
                                                }
                                            />
                                        </div>
                                        <div
                                            className="column"
                                        >
                                            <Connect(CheckboxDomainComponent)
                                                item={
                                                    Array [
                                                        Object {
                                                          "id": "tech",
                                                          "libelle": "Tech",
                                                        },
                                                        Object {
                                                          "id": "market",
                                                          "libelle": "Webmarketing",
                                                        },
                                                        Object {
                                                          "id": "design",
                                                          "libelle": "Design",
                                                        },
                                                      ]
                                                }
                                            />
                                        </div>
                                    </div>
                                </div>
                            </div>
                        </div>
                        <div
                            className="modal-footer"
                        >
                            <hr />
                            <div
                                className="columns"
                            >
                                <div
                                    className="column is-4"
                                />
                                <div
                                    className="column is-4"
                                >
                                    <a
                                        onClick={[Function]}
                                        role="presentation"
                                    >
                                        Vous avez déja généré un planning ? Cliquez-ici
                                    </a>
                                </div>
                                <div
                                    className="column is-4 is-offset-2"
                                >
                                    <input
                                        className="btn-suivant"
                                        onClick={[Function]}
                                        type="button"
                                        value="Suivant >"
                                    />
                                </div>
                            </div>
                        </div>
                    </div>
                </div>
            </div>
        </div>
    </div>
</div>,
]
`;
