// Jest Snapshot v1, https://goo.gl/fbAQLP

exports[`blender.component should render blender component 1`] = `
Array [
  <div>
    <div
        className="form"
    >
        <div
            className="form-header"
        >
            <h1>
                Choisissez les ingrédients de vos smoothies
            </h1>
            <h2>
                et laissez-nous vous proposer un BlendWebMix sur mesure...
            </h2>
        </div>
        <div
            className="columns items"
        >
            <div
                className="column"
            >
                <h1
                    className="category-title"
                >
                    Les thématiques
                </h1>
                <Connect(CheckboxDomainComponent)
                    item={
                        Object {
                            "id": "tech",
                            "libelle": "Technique",
                          }
                    }
                />
                <Connect(CheckboxDomainComponent)
                    item={
                        Object {
                            "id": "market",
                            "libelle": "Market",
                          }
                    }
                />
                <Connect(CheckboxDomainComponent)
                    item={
                        Object {
                            "id": "biz",
                            "libelle": "Business",
                          }
                    }
                />
                <Connect(CheckboxDomainComponent)
                    item={
                        Array [
                            Object {
                              "id": "tech",
                              "libelle": "Technique",
                            },
                            Object {
                              "id": "market",
                              "libelle": "Market",
                            },
                            Object {
                              "id": "biz",
                              "libelle": "Business",
                            },
                          ]
                    }
                />
            </div>
            <div
                className="column"
            >
                <h1
                    className="category-title"
                >
                    Les sujets
                </h1>
                <Connect(CheckboxKeywordComponent)
                    item={
                        Object {
                            "id": "js",
                            "libelle": "Javascript",
                          }
                    }
                />
                <Connect(CheckboxKeywordComponent)
                    item={
                        Object {
                            "id": "php",
                            "libelle": "Php",
                          }
                    }
                />
                <Connect(CheckboxKeywordComponent)
                    item={
                        Object {
                            "id": "management",
                            "libelle": "Gestion de projet",
                          }
                    }
                />
                <Connect(CheckboxKeywordComponent)
                    item={
                        Array [
                            Object {
                              "id": "js",
                              "libelle": "Javascript",
                            },
                            Object {
                              "id": "php",
                              "libelle": "Php",
                            },
                            Object {
                              "id": "management",
                              "libelle": "Gestion de projet",
                            },
                          ]
                    }
                />
            </div>
            <div
                className="column"
            >
                <h1
                    className="category-title"
                >
                    Vos objectifs
                </h1>
                <Connect(CheckboxObjectifComponent)
                    item={
                        Object {
                            "id": "reseau",
                            "libelle": "Reseauter",
                          }
                    }
                />
                <Connect(CheckboxObjectifComponent)
                    item={
                        Object {
                            "id": "culture",
                            "libelle": "Me cultiver",
                          }
                    }
                />
                <Connect(CheckboxObjectifComponent)
                    item={
                        Object {
                            "id": "learn",
                            "libelle": "Apprendre",
                          }
                    }
                />
                <Connect(CheckboxObjectifComponent)
                    item={
                        Array [
                            Object {
                              "id": "reseau",
                              "libelle": "Reseauter",
                            },
                            Object {
                              "id": "culture",
                              "libelle": "Me cultiver",
                            },
                            Object {
                              "id": "learn",
                              "libelle": "Apprendre",
                            },
                          ]
                    }
                />
            </div>
            <div
                className="column mix-btn"
            >
                <Connect(MixeurComponent) />
            </div>
        </div>
    </div>
    <div
        className="arrow"
    />
</div>,
]
`;
